// Vitest Snapshot v1, https://vitest.dev/guide/snapshot.html

exports[`TextPageBase > matches snapshot 1`] = `
<DocumentFragment>
  <div
    class="_container_7eea93"
  >
    <div
      class="_back_7eea93"
    >
      <a
        href="/"
      >
        <svg
          class="_backArrow_7eea93"
          data-testid="back-arrow"
          fill="#000000"
          height="800px"
          id="Capa_1"
          viewBox="0 0 45.58 45.58"
          width="800px"
          xml:space="preserve"
          xmlns="http://www.w3.org/2000/svg"
          xmlns:xlink="http://www.w3.org/1999/xlink"
        >
          <g>
            <path
              d="M45.506,33.532c-1.741-7.42-7.161-17.758-23.554-19.942V7.047c0-1.364-0.826-2.593-2.087-3.113 c-1.261-0.521-2.712-0.229-3.675,0.737L1.305,19.63c-1.739,1.748-1.74,4.572-0.001,6.32L16.19,40.909 c0.961,0.966,2.415,1.258,3.676,0.737c1.261-0.521,2.087-1.75,2.087-3.113v-6.331c5.593,0.007,13.656,0.743,19.392,4.313 c0.953,0.594,2.168,0.555,3.08-0.101C45.335,35.762,45.763,34.624,45.506,33.532z"
            />
          </g>
        </svg>
      </a>
    </div>
    <h1
      class="_title_7eea93"
    >
      Test Title
    </h1>
    <div
      class="_children_7eea93"
    >
      <p>
        Test Children
      </p>
    </div>
  </div>
</DocumentFragment>
`;
